// Jest Snapshot v1, https://goo.gl/fbAQLP

exports[`Center Component should render with children 1`] = `
<View
  style={
    Array [
      Object {
        "flexDirection": "column",
      },
      undefined,
    ]
  }
>
  <Component
    title="Murat Ã–NER"
  />
  <Component
    title="Murat"
  />
</View>
`;

exports[`Center Component should render without issues 1`] = `
<View
  style={
    Array [
      Object {
        "flexDirection": "column",
      },
      Object {
        "backgroundColor": "red",
      },
    ]
  }
/>
`;
