// Jest Snapshot v1, https://goo.gl/fbAQLP

exports[`Stack Component should render without issues 1`] = `
<View
  style={
    Array [
      Object {
        "height": 10,
      },
      Object {
        "backgroundColor": "red",
      },
    ]
  }
/>
`;
